Archive member included because of file (symbol)

/usr/local/CrossPack-AVR-20131128/lib/gcc/avr/4.7.2/avr51/libgcc.a(_exit.o)
                              /usr/local/CrossPack-AVR-20131128/lib/gcc/avr/4.7.2/../../../../avr/lib/avr51/crtusb1287.o (exit)
/usr/local/CrossPack-AVR-20131128/lib/gcc/avr/4.7.2/avr51/libgcc.a(_clear_bss.o)
                              main.o (__do_clear_bss)

Allocating common symbols
Common symbol       size              file

test_buffer_wht     0x1c80            main.o
test_buffer_blk     0x1c80            main.o
test_buffer_nth     0x1c80            main.o

Memory Configuration

Name             Origin             Length             Attributes
text             0x00000000         0x00020000         xr
data             0x00800100         0x0000ff00         rw !x
eeprom           0x00810000         0x00010000         rw !x
fuse             0x00820000         0x00000400         rw !x
lock             0x00830000         0x00000400         rw !x
signature        0x00840000         0x00000400         rw !x
user_signatures  0x00850000         0x00000400         rw !x
*default*        0x00000000         0xffffffff

Linker script and memory map

Address of section .data set to 0x800100
LOAD /usr/local/CrossPack-AVR-20131128/lib/gcc/avr/4.7.2/../../../../avr/lib/avr51/crtusb1287.o
LOAD main.o
START GROUP
LOAD /usr/local/CrossPack-AVR-20131128/lib/gcc/avr/4.7.2/avr51/libgcc.a
LOAD /usr/local/CrossPack-AVR-20131128/lib/gcc/avr/4.7.2/../../../../avr/lib/avr51/libm.a
LOAD /usr/local/CrossPack-AVR-20131128/lib/gcc/avr/4.7.2/../../../../avr/lib/avr51/libc.a
END GROUP

.hash
 *(.hash)

.dynsym
 *(.dynsym)

.dynstr
 *(.dynstr)

.gnu.version
 *(.gnu.version)

.gnu.version_d
 *(.gnu.version_d)

.gnu.version_r
 *(.gnu.version_r)

.rel.init
 *(.rel.init)

.rela.init
 *(.rela.init)

.rel.text
 *(.rel.text)
 *(.rel.text.*)
 *(.rel.gnu.linkonce.t*)

.rela.text
 *(.rela.text)
 *(.rela.text.*)
 *(.rela.gnu.linkonce.t*)

.rel.fini
 *(.rel.fini)

.rela.fini
 *(.rela.fini)

.rel.rodata
 *(.rel.rodata)
 *(.rel.rodata.*)
 *(.rel.gnu.linkonce.r*)

.rela.rodata
 *(.rela.rodata)
 *(.rela.rodata.*)
 *(.rela.gnu.linkonce.r*)

.rel.data
 *(.rel.data)
 *(.rel.data.*)
 *(.rel.gnu.linkonce.d*)

.rela.data
 *(.rela.data)
 *(.rela.data.*)
 *(.rela.gnu.linkonce.d*)

.rel.ctors
 *(.rel.ctors)

.rela.ctors
 *(.rela.ctors)

.rel.dtors
 *(.rel.dtors)

.rela.dtors
 *(.rela.dtors)

.rel.got
 *(.rel.got)

.rela.got
 *(.rela.got)

.rel.bss
 *(.rel.bss)

.rela.bss
 *(.rela.bss)

.rel.plt
 *(.rel.plt)

.rela.plt
 *(.rela.plt)

.text           0x00000000      0x2cc
 *(.vectors)
 .vectors       0x00000000       0x98 /usr/local/CrossPack-AVR-20131128/lib/gcc/avr/4.7.2/../../../../avr/lib/avr51/crtusb1287.o
                0x00000000                __vectors
                0x00000000                __vector_default
 *(.vectors)
 *(.progmem.gcc*)
 *(.progmem*)
                0x00000098                . = ALIGN (0x2)
                0x00000098                __trampolines_start = .
 *(.trampolines)
 .trampolines   0x00000098        0x0 linker stubs
 *(.trampolines*)
                0x00000098                __trampolines_end = .
 *(.jumptables)
 *(.jumptables*)
 *(.lowtext)
 *(.lowtext*)
                0x00000098                __ctors_start = .
 *(.ctors)
                0x00000098                __ctors_end = .
                0x00000098                __dtors_start = .
 *(.dtors)
                0x00000098                __dtors_end = .
 SORT(*)(.ctors)
 SORT(*)(.dtors)
 *(.init0)
 .init0         0x00000098        0x0 /usr/local/CrossPack-AVR-20131128/lib/gcc/avr/4.7.2/../../../../avr/lib/avr51/crtusb1287.o
                0x00000098                __init
 *(.init0)
 *(.init1)
 *(.init1)
 *(.init2)
 .init2         0x00000098        0xc /usr/local/CrossPack-AVR-20131128/lib/gcc/avr/4.7.2/../../../../avr/lib/avr51/crtusb1287.o
 *(.init2)
 *(.init3)
 *(.init3)
 *(.init4)
 .init4         0x000000a4       0x10 /usr/local/CrossPack-AVR-20131128/lib/gcc/avr/4.7.2/avr51/libgcc.a(_clear_bss.o)
                0x000000a4                __do_clear_bss
 *(.init4)
 *(.init5)
 *(.init5)
 *(.init6)
 *(.init6)
 *(.init7)
 *(.init7)
 *(.init8)
 *(.init8)
 *(.init9)
 .init9         0x000000b4        0x8 /usr/local/CrossPack-AVR-20131128/lib/gcc/avr/4.7.2/../../../../avr/lib/avr51/crtusb1287.o
 *(.init9)
 *(.text)
 .text          0x000000bc        0x4 /usr/local/CrossPack-AVR-20131128/lib/gcc/avr/4.7.2/../../../../avr/lib/avr51/crtusb1287.o
                0x000000bc                __vector_20
                0x000000bc                __vector_28
                0x000000bc                __vector_1
                0x000000bc                __vector_32
                0x000000bc                __vector_34
                0x000000bc                __vector_24
                0x000000bc                __vector_12
                0x000000bc                __bad_interrupt
                0x000000bc                __vector_6
                0x000000bc                __vector_31
                0x000000bc                __vector_35
                0x000000bc                __vector_3
                0x000000bc                __vector_23
                0x000000bc                __vector_30
                0x000000bc                __vector_25
                0x000000bc                __vector_11
                0x000000bc                __vector_13
                0x000000bc                __vector_17
                0x000000bc                __vector_19
                0x000000bc                __vector_7
                0x000000bc                __vector_27
                0x000000bc                __vector_5
                0x000000bc                __vector_33
                0x000000bc                __vector_37
                0x000000bc                __vector_4
                0x000000bc                __vector_9
                0x000000bc                __vector_2
                0x000000bc                __vector_21
                0x000000bc                __vector_15
                0x000000bc                __vector_36
                0x000000bc                __vector_29
                0x000000bc                __vector_8
                0x000000bc                __vector_26
                0x000000bc                __vector_14
                0x000000bc                __vector_10
                0x000000bc                __vector_16
                0x000000bc                __vector_18
                0x000000bc                __vector_22
 .text          0x000000c0      0x1f0 main.o
                0x000000c0                ddr_setup
                0x000000d6                spi_setup
                0x000000e0                pwm_setup
                0x0000010e                spi_sendbyte
                0x00000118                spi_sendarray
                0x00000154                COG_busy
                0x0000015a                COG_sendbyte
                0x0000019e                COG_sendArray
                0x000001ee                fill_image_buff
                0x00000248                COG_startup
                0x0000029c                COG_init
                0x0000029e                write_cog
 .text          0x000002b0        0x0 /usr/local/CrossPack-AVR-20131128/lib/gcc/avr/4.7.2/avr51/libgcc.a(_exit.o)
 .text          0x000002b0        0x0 /usr/local/CrossPack-AVR-20131128/lib/gcc/avr/4.7.2/avr51/libgcc.a(_clear_bss.o)
                0x000002b0                . = ALIGN (0x2)
 *(.text.*)
 .text.startup  0x000002b0       0x18 main.o
                0x000002b0                main
 .text.libgcc.mul
                0x000002c8        0x0 /usr/local/CrossPack-AVR-20131128/lib/gcc/avr/4.7.2/avr51/libgcc.a(_exit.o)
 .text.libgcc.div
                0x000002c8        0x0 /usr/local/CrossPack-AVR-20131128/lib/gcc/avr/4.7.2/avr51/libgcc.a(_exit.o)
 .text.libgcc   0x000002c8        0x0 /usr/local/CrossPack-AVR-20131128/lib/gcc/avr/4.7.2/avr51/libgcc.a(_exit.o)
 .text.libgcc.prologue
                0x000002c8        0x0 /usr/local/CrossPack-AVR-20131128/lib/gcc/avr/4.7.2/avr51/libgcc.a(_exit.o)
 .text.libgcc.builtins
                0x000002c8        0x0 /usr/local/CrossPack-AVR-20131128/lib/gcc/avr/4.7.2/avr51/libgcc.a(_exit.o)
 .text.libgcc.fmul
                0x000002c8        0x0 /usr/local/CrossPack-AVR-20131128/lib/gcc/avr/4.7.2/avr51/libgcc.a(_exit.o)
 .text.libgcc.mul
                0x000002c8        0x0 /usr/local/CrossPack-AVR-20131128/lib/gcc/avr/4.7.2/avr51/libgcc.a(_clear_bss.o)
 .text.libgcc.div
                0x000002c8        0x0 /usr/local/CrossPack-AVR-20131128/lib/gcc/avr/4.7.2/avr51/libgcc.a(_clear_bss.o)
 .text.libgcc   0x000002c8        0x0 /usr/local/CrossPack-AVR-20131128/lib/gcc/avr/4.7.2/avr51/libgcc.a(_clear_bss.o)
 .text.libgcc.prologue
                0x000002c8        0x0 /usr/local/CrossPack-AVR-20131128/lib/gcc/avr/4.7.2/avr51/libgcc.a(_clear_bss.o)
 .text.libgcc.builtins
                0x000002c8        0x0 /usr/local/CrossPack-AVR-20131128/lib/gcc/avr/4.7.2/avr51/libgcc.a(_clear_bss.o)
 .text.libgcc.fmul
                0x000002c8        0x0 /usr/local/CrossPack-AVR-20131128/lib/gcc/avr/4.7.2/avr51/libgcc.a(_clear_bss.o)
                0x000002c8                . = ALIGN (0x2)
 *(.fini9)
 .fini9         0x000002c8        0x0 /usr/local/CrossPack-AVR-20131128/lib/gcc/avr/4.7.2/avr51/libgcc.a(_exit.o)
                0x000002c8                exit
                0x000002c8                _exit
 *(.fini9)
 *(.fini8)
 *(.fini8)
 *(.fini7)
 *(.fini7)
 *(.fini6)
 *(.fini6)
 *(.fini5)
 *(.fini5)
 *(.fini4)
 *(.fini4)
 *(.fini3)
 *(.fini3)
 *(.fini2)
 *(.fini2)
 *(.fini1)
 *(.fini1)
 *(.fini0)
 .fini0         0x000002c8        0x4 /usr/local/CrossPack-AVR-20131128/lib/gcc/avr/4.7.2/avr51/libgcc.a(_exit.o)
 *(.fini0)
                0x000002cc                _etext = .

.data           0x00800100        0x0 load address 0x000002cc
                0x00800100                PROVIDE (__data_start, .)
 *(.data)
 .data          0x00800100        0x0 /usr/local/CrossPack-AVR-20131128/lib/gcc/avr/4.7.2/../../../../avr/lib/avr51/crtusb1287.o
 .data          0x00800100        0x0 main.o
 .data          0x00800100        0x0 /usr/local/CrossPack-AVR-20131128/lib/gcc/avr/4.7.2/avr51/libgcc.a(_exit.o)
 .data          0x00800100        0x0 /usr/local/CrossPack-AVR-20131128/lib/gcc/avr/4.7.2/avr51/libgcc.a(_clear_bss.o)
 *(.data*)
 *(.rodata)
 *(.rodata*)
 *(.gnu.linkonce.d*)
                0x00800100                . = ALIGN (0x2)
                0x00800100                _edata = .
                0x00800100                PROVIDE (__data_end, .)

.bss            0x00800100     0x5582
                0x00800100                PROVIDE (__bss_start, .)
 *(.bss)
 .bss           0x00800100        0x0 /usr/local/CrossPack-AVR-20131128/lib/gcc/avr/4.7.2/../../../../avr/lib/avr51/crtusb1287.o
 .bss           0x00800100        0x2 main.o
                0x00800100                state
 .bss           0x00800102        0x0 /usr/local/CrossPack-AVR-20131128/lib/gcc/avr/4.7.2/avr51/libgcc.a(_exit.o)
 .bss           0x00800102        0x0 /usr/local/CrossPack-AVR-20131128/lib/gcc/avr/4.7.2/avr51/libgcc.a(_clear_bss.o)
 *(.bss*)
 *(COMMON)
 COMMON         0x00800102     0x5580 main.o
                0x00800102                test_buffer_wht
                0x00801d82                test_buffer_blk
                0x00803a02                test_buffer_nth
                0x00805682                PROVIDE (__bss_end, .)
                0x000002cc                __data_load_start = LOADADDR (.data)
                0x000002cc                __data_load_end = (__data_load_start + SIZEOF (.data))

.noinit         0x00805682        0x0
                0x00805682                PROVIDE (__noinit_start, .)
 *(.noinit*)
                0x00805682                PROVIDE (__noinit_end, .)
                0x00805682                _end = .
                0x00805682                PROVIDE (__heap_start, .)

.eeprom         0x00810000        0x0
 *(.eeprom*)
                0x00810000                __eeprom_end = .

.fuse
 *(.fuse)
 *(.lfuse)
 *(.hfuse)
 *(.efuse)

.lock
 *(.lock*)

.signature
 *(.signature*)

.user_signatures
 *(.user_signatures*)

.stab           0x00000000      0x6cc
 *(.stab)
 .stab          0x00000000      0x6cc /usr/local/CrossPack-AVR-20131128/lib/gcc/avr/4.7.2/../../../../avr/lib/avr51/crtusb1287.o

.stabstr        0x00000000       0x81
 *(.stabstr)
 .stabstr       0x00000000       0x81 /usr/local/CrossPack-AVR-20131128/lib/gcc/avr/4.7.2/../../../../avr/lib/avr51/crtusb1287.o

.stab.excl
 *(.stab.excl)

.stab.exclstr
 *(.stab.exclstr)

.stab.index
 *(.stab.index)

.stab.indexstr
 *(.stab.indexstr)

.comment        0x00000000       0x11
 *(.comment)
 .comment       0x00000000       0x11 main.o
                                 0x12 (size before relaxing)

.debug
 *(.debug)

.line
 *(.line)

.debug_srcinfo
 *(.debug_srcinfo)

.debug_sfnames
 *(.debug_sfnames)

.debug_aranges  0x00000000       0x68
 *(.debug_aranges)
 .debug_aranges
                0x00000000       0x28 main.o
 .debug_aranges
                0x00000028       0x20 /usr/local/CrossPack-AVR-20131128/lib/gcc/avr/4.7.2/avr51/libgcc.a(_exit.o)
 .debug_aranges
                0x00000048       0x20 /usr/local/CrossPack-AVR-20131128/lib/gcc/avr/4.7.2/avr51/libgcc.a(_clear_bss.o)

.debug_pubnames
 *(.debug_pubnames)

.debug_info     0x00000000      0x884
 *(.debug_info)
 .debug_info    0x00000000      0x706 main.o
 .debug_info    0x00000706       0xbf /usr/local/CrossPack-AVR-20131128/lib/gcc/avr/4.7.2/avr51/libgcc.a(_exit.o)
 .debug_info    0x000007c5       0xbf /usr/local/CrossPack-AVR-20131128/lib/gcc/avr/4.7.2/avr51/libgcc.a(_clear_bss.o)
 *(.gnu.linkonce.wi.*)

.debug_abbrev   0x00000000      0x2a2
 *(.debug_abbrev)
 .debug_abbrev  0x00000000      0x27a main.o
 .debug_abbrev  0x0000027a       0x14 /usr/local/CrossPack-AVR-20131128/lib/gcc/avr/4.7.2/avr51/libgcc.a(_exit.o)
 .debug_abbrev  0x0000028e       0x14 /usr/local/CrossPack-AVR-20131128/lib/gcc/avr/4.7.2/avr51/libgcc.a(_clear_bss.o)

.debug_line     0x00000000      0x287
 *(.debug_line)
 .debug_line    0x00000000      0x1d1 main.o
 .debug_line    0x000001d1       0x58 /usr/local/CrossPack-AVR-20131128/lib/gcc/avr/4.7.2/avr51/libgcc.a(_exit.o)
 .debug_line    0x00000229       0x5e /usr/local/CrossPack-AVR-20131128/lib/gcc/avr/4.7.2/avr51/libgcc.a(_clear_bss.o)

.debug_frame    0x00000000      0x13c
 *(.debug_frame)
 .debug_frame   0x00000000      0x13c main.o

.debug_str      0x00000000      0x25d
 *(.debug_str)
 .debug_str     0x00000000      0x25d main.o
                                0x2a1 (size before relaxing)

.debug_loc      0x00000000      0x2de
 *(.debug_loc)
 .debug_loc     0x00000000      0x2de main.o

.debug_macinfo
 *(.debug_macinfo)

.debug_pubtypes
 *(.debug_pubtypes)

.debug_ranges   0x00000000       0x18
 *(.debug_ranges)
 .debug_ranges  0x00000000       0x18 main.o

.debug_macro
 *(.debug_macro)
OUTPUT(main.elf elf32-avr)
LOAD linker stubs

Cross Reference Table

Symbol                                            File
COG_busy                                          main.o
COG_init                                          main.o
COG_sendArray                                     main.o
COG_sendbyte                                      main.o
COG_startup                                       main.o
__bad_interrupt                                   /usr/local/CrossPack-AVR-20131128/lib/gcc/avr/4.7.2/../../../../avr/lib/avr51/crtusb1287.o
__bss_end                                         /usr/local/CrossPack-AVR-20131128/lib/gcc/avr/4.7.2/avr51/libgcc.a(_clear_bss.o)
__bss_start                                       /usr/local/CrossPack-AVR-20131128/lib/gcc/avr/4.7.2/avr51/libgcc.a(_clear_bss.o)
__do_clear_bss                                    /usr/local/CrossPack-AVR-20131128/lib/gcc/avr/4.7.2/avr51/libgcc.a(_clear_bss.o)
                                                  main.o
__heap_end                                        /usr/local/CrossPack-AVR-20131128/lib/gcc/avr/4.7.2/../../../../avr/lib/avr51/crtusb1287.o
__init                                            /usr/local/CrossPack-AVR-20131128/lib/gcc/avr/4.7.2/../../../../avr/lib/avr51/crtusb1287.o
__stack                                           /usr/local/CrossPack-AVR-20131128/lib/gcc/avr/4.7.2/../../../../avr/lib/avr51/crtusb1287.o
__vector_1                                        /usr/local/CrossPack-AVR-20131128/lib/gcc/avr/4.7.2/../../../../avr/lib/avr51/crtusb1287.o
__vector_10                                       /usr/local/CrossPack-AVR-20131128/lib/gcc/avr/4.7.2/../../../../avr/lib/avr51/crtusb1287.o
__vector_11                                       /usr/local/CrossPack-AVR-20131128/lib/gcc/avr/4.7.2/../../../../avr/lib/avr51/crtusb1287.o
__vector_12                                       /usr/local/CrossPack-AVR-20131128/lib/gcc/avr/4.7.2/../../../../avr/lib/avr51/crtusb1287.o
__vector_13                                       /usr/local/CrossPack-AVR-20131128/lib/gcc/avr/4.7.2/../../../../avr/lib/avr51/crtusb1287.o
__vector_14                                       /usr/local/CrossPack-AVR-20131128/lib/gcc/avr/4.7.2/../../../../avr/lib/avr51/crtusb1287.o
__vector_15                                       /usr/local/CrossPack-AVR-20131128/lib/gcc/avr/4.7.2/../../../../avr/lib/avr51/crtusb1287.o
__vector_16                                       /usr/local/CrossPack-AVR-20131128/lib/gcc/avr/4.7.2/../../../../avr/lib/avr51/crtusb1287.o
__vector_17                                       /usr/local/CrossPack-AVR-20131128/lib/gcc/avr/4.7.2/../../../../avr/lib/avr51/crtusb1287.o
__vector_18                                       /usr/local/CrossPack-AVR-20131128/lib/gcc/avr/4.7.2/../../../../avr/lib/avr51/crtusb1287.o
__vector_19                                       /usr/local/CrossPack-AVR-20131128/lib/gcc/avr/4.7.2/../../../../avr/lib/avr51/crtusb1287.o
__vector_2                                        /usr/local/CrossPack-AVR-20131128/lib/gcc/avr/4.7.2/../../../../avr/lib/avr51/crtusb1287.o
__vector_20                                       /usr/local/CrossPack-AVR-20131128/lib/gcc/avr/4.7.2/../../../../avr/lib/avr51/crtusb1287.o
__vector_21                                       /usr/local/CrossPack-AVR-20131128/lib/gcc/avr/4.7.2/../../../../avr/lib/avr51/crtusb1287.o
__vector_22                                       /usr/local/CrossPack-AVR-20131128/lib/gcc/avr/4.7.2/../../../../avr/lib/avr51/crtusb1287.o
__vector_23                                       /usr/local/CrossPack-AVR-20131128/lib/gcc/avr/4.7.2/../../../../avr/lib/avr51/crtusb1287.o
__vector_24                                       /usr/local/CrossPack-AVR-20131128/lib/gcc/avr/4.7.2/../../../../avr/lib/avr51/crtusb1287.o
__vector_25                                       /usr/local/CrossPack-AVR-20131128/lib/gcc/avr/4.7.2/../../../../avr/lib/avr51/crtusb1287.o
__vector_26                                       /usr/local/CrossPack-AVR-20131128/lib/gcc/avr/4.7.2/../../../../avr/lib/avr51/crtusb1287.o
__vector_27                                       /usr/local/CrossPack-AVR-20131128/lib/gcc/avr/4.7.2/../../../../avr/lib/avr51/crtusb1287.o
__vector_28                                       /usr/local/CrossPack-AVR-20131128/lib/gcc/avr/4.7.2/../../../../avr/lib/avr51/crtusb1287.o
__vector_29                                       /usr/local/CrossPack-AVR-20131128/lib/gcc/avr/4.7.2/../../../../avr/lib/avr51/crtusb1287.o
__vector_3                                        /usr/local/CrossPack-AVR-20131128/lib/gcc/avr/4.7.2/../../../../avr/lib/avr51/crtusb1287.o
__vector_30                                       /usr/local/CrossPack-AVR-20131128/lib/gcc/avr/4.7.2/../../../../avr/lib/avr51/crtusb1287.o
__vector_31                                       /usr/local/CrossPack-AVR-20131128/lib/gcc/avr/4.7.2/../../../../avr/lib/avr51/crtusb1287.o
__vector_32                                       /usr/local/CrossPack-AVR-20131128/lib/gcc/avr/4.7.2/../../../../avr/lib/avr51/crtusb1287.o
__vector_33                                       /usr/local/CrossPack-AVR-20131128/lib/gcc/avr/4.7.2/../../../../avr/lib/avr51/crtusb1287.o
__vector_34                                       /usr/local/CrossPack-AVR-20131128/lib/gcc/avr/4.7.2/../../../../avr/lib/avr51/crtusb1287.o
__vector_35                                       /usr/local/CrossPack-AVR-20131128/lib/gcc/avr/4.7.2/../../../../avr/lib/avr51/crtusb1287.o
__vector_36                                       /usr/local/CrossPack-AVR-20131128/lib/gcc/avr/4.7.2/../../../../avr/lib/avr51/crtusb1287.o
__vector_37                                       /usr/local/CrossPack-AVR-20131128/lib/gcc/avr/4.7.2/../../../../avr/lib/avr51/crtusb1287.o
__vector_4                                        /usr/local/CrossPack-AVR-20131128/lib/gcc/avr/4.7.2/../../../../avr/lib/avr51/crtusb1287.o
__vector_5                                        /usr/local/CrossPack-AVR-20131128/lib/gcc/avr/4.7.2/../../../../avr/lib/avr51/crtusb1287.o
__vector_6                                        /usr/local/CrossPack-AVR-20131128/lib/gcc/avr/4.7.2/../../../../avr/lib/avr51/crtusb1287.o
__vector_7                                        /usr/local/CrossPack-AVR-20131128/lib/gcc/avr/4.7.2/../../../../avr/lib/avr51/crtusb1287.o
__vector_8                                        /usr/local/CrossPack-AVR-20131128/lib/gcc/avr/4.7.2/../../../../avr/lib/avr51/crtusb1287.o
__vector_9                                        /usr/local/CrossPack-AVR-20131128/lib/gcc/avr/4.7.2/../../../../avr/lib/avr51/crtusb1287.o
__vector_default                                  /usr/local/CrossPack-AVR-20131128/lib/gcc/avr/4.7.2/../../../../avr/lib/avr51/crtusb1287.o
__vectors                                         /usr/local/CrossPack-AVR-20131128/lib/gcc/avr/4.7.2/../../../../avr/lib/avr51/crtusb1287.o
_exit                                             /usr/local/CrossPack-AVR-20131128/lib/gcc/avr/4.7.2/avr51/libgcc.a(_exit.o)
ddr_setup                                         main.o
exit                                              /usr/local/CrossPack-AVR-20131128/lib/gcc/avr/4.7.2/avr51/libgcc.a(_exit.o)
                                                  /usr/local/CrossPack-AVR-20131128/lib/gcc/avr/4.7.2/../../../../avr/lib/avr51/crtusb1287.o
fill_image_buff                                   main.o
main                                              main.o
                                                  /usr/local/CrossPack-AVR-20131128/lib/gcc/avr/4.7.2/../../../../avr/lib/avr51/crtusb1287.o
pwm_setup                                         main.o
spi_sendarray                                     main.o
spi_sendbyte                                      main.o
spi_setup                                         main.o
state                                             main.o
test_buffer_blk                                   main.o
test_buffer_nth                                   main.o
test_buffer_wht                                   main.o
write_cog                                         main.o
