Archive member included because of file (symbol)

/usr/local/CrossPack-AVR-20130212/lib/gcc/avr/4.6.2/avr51/libgcc.a(_udivmodsi4.o)
                              obj/usart.o (__udivmodsi4)
/usr/local/CrossPack-AVR-20130212/lib/gcc/avr/4.6.2/avr51/libgcc.a(_exit.o)
                              /usr/local/CrossPack-AVR-20130212/lib/gcc/avr/4.6.2/../../../../avr/lib/avr51/crtm128.o (exit)
/usr/local/CrossPack-AVR-20130212/lib/gcc/avr/4.6.2/avr51/libgcc.a(_copy_data.o)
                              obj/main.o (__do_copy_data)
/usr/local/CrossPack-AVR-20130212/lib/gcc/avr/4.6.2/avr51/libgcc.a(_clear_bss.o)
                              obj/main.o (__do_clear_bss)

Allocating common symbols
Common symbol       size              file

test_buffer_wht     0x1c80            obj/main.o
test_buffer_blk     0x1c80            obj/main.o
test_buffer_nth     0x1c80            obj/main.o

Discarded input sections

 .bss           0x00000000        0x0 /usr/local/CrossPack-AVR-20130212/lib/gcc/avr/4.6.2/../../../../avr/lib/avr51/crtm128.o
 .text          0x00000000        0x0 obj/main.o
 .text.COG_busy
                0x00000000        0x6 obj/main.o
 .text.COG_off  0x00000000       0xce obj/main.o
 .text          0x00000000        0x0 obj/usart.o
 .bss           0x00000000        0x0 obj/usart.o
 .text.usart_readbyte
                0x00000000        0xe obj/usart.o
 .text          0x00000000        0x0 /usr/local/CrossPack-AVR-20130212/lib/gcc/avr/4.6.2/avr51/libgcc.a(_udivmodsi4.o)
 .bss           0x00000000        0x0 /usr/local/CrossPack-AVR-20130212/lib/gcc/avr/4.6.2/avr51/libgcc.a(_udivmodsi4.o)
 .text          0x00000000        0x0 /usr/local/CrossPack-AVR-20130212/lib/gcc/avr/4.6.2/avr51/libgcc.a(_exit.o)
 .bss           0x00000000        0x0 /usr/local/CrossPack-AVR-20130212/lib/gcc/avr/4.6.2/avr51/libgcc.a(_exit.o)
 .text.libgcc   0x00000000        0x0 /usr/local/CrossPack-AVR-20130212/lib/gcc/avr/4.6.2/avr51/libgcc.a(_exit.o)
 .text          0x00000000        0x0 /usr/local/CrossPack-AVR-20130212/lib/gcc/avr/4.6.2/avr51/libgcc.a(_copy_data.o)
 .bss           0x00000000        0x0 /usr/local/CrossPack-AVR-20130212/lib/gcc/avr/4.6.2/avr51/libgcc.a(_copy_data.o)
 .text.libgcc   0x00000000        0x0 /usr/local/CrossPack-AVR-20130212/lib/gcc/avr/4.6.2/avr51/libgcc.a(_copy_data.o)
 .text          0x00000000        0x0 /usr/local/CrossPack-AVR-20130212/lib/gcc/avr/4.6.2/avr51/libgcc.a(_clear_bss.o)
 .bss           0x00000000        0x0 /usr/local/CrossPack-AVR-20130212/lib/gcc/avr/4.6.2/avr51/libgcc.a(_clear_bss.o)
 .text.libgcc   0x00000000        0x0 /usr/local/CrossPack-AVR-20130212/lib/gcc/avr/4.6.2/avr51/libgcc.a(_clear_bss.o)

Memory Configuration

Name             Origin             Length             Attributes
text             0x00000000         0x00020000         xr
data             0x00800100         0x0000ff00         rw !x
eeprom           0x00810000         0x00010000         rw !x
fuse             0x00820000         0x00000400         rw !x
lock             0x00830000         0x00000400         rw !x
signature        0x00840000         0x00000400         rw !x
*default*        0x00000000         0xffffffff

Linker script and memory map

Address of section .data set to 0x800100
LOAD /usr/local/CrossPack-AVR-20130212/lib/gcc/avr/4.6.2/../../../../avr/lib/avr51/crtm128.o
LOAD obj/main.o
LOAD obj/usart.o
LOAD /usr/local/CrossPack-AVR-20130212/lib/gcc/avr/4.6.2/../../../../avr/lib/avr51/libm.a
LOAD /usr/local/CrossPack-AVR-20130212/lib/gcc/avr/4.6.2/avr51/libgcc.a
LOAD /usr/local/CrossPack-AVR-20130212/lib/gcc/avr/4.6.2/../../../../avr/lib/avr51/libc.a
LOAD /usr/local/CrossPack-AVR-20130212/lib/gcc/avr/4.6.2/avr51/libgcc.a

.hash
 *(.hash)

.dynsym
 *(.dynsym)

.dynstr
 *(.dynstr)

.gnu.version
 *(.gnu.version)

.gnu.version_d
 *(.gnu.version_d)

.gnu.version_r
 *(.gnu.version_r)

.rel.init
 *(.rel.init)

.rela.init
 *(.rela.init)

.rel.text
 *(.rel.text)
 *(.rel.text.*)
 *(.rel.gnu.linkonce.t*)

.rela.text
 *(.rela.text)
 *(.rela.text.*)
 *(.rela.gnu.linkonce.t*)

.rel.fini
 *(.rel.fini)

.rela.fini
 *(.rela.fini)

.rel.rodata
 *(.rel.rodata)
 *(.rel.rodata.*)
 *(.rel.gnu.linkonce.r*)

.rela.rodata
 *(.rela.rodata)
 *(.rela.rodata.*)
 *(.rela.gnu.linkonce.r*)

.rel.data
 *(.rel.data)
 *(.rel.data.*)
 *(.rel.gnu.linkonce.d*)

.rela.data
 *(.rela.data)
 *(.rela.data.*)
 *(.rela.gnu.linkonce.d*)

.rel.ctors
 *(.rel.ctors)

.rela.ctors
 *(.rela.ctors)

.rel.dtors
 *(.rel.dtors)

.rela.dtors
 *(.rela.dtors)

.rel.got
 *(.rel.got)

.rela.got
 *(.rela.got)

.rel.bss
 *(.rel.bss)

.rela.bss
 *(.rela.bss)

.rel.plt
 *(.rel.plt)

.rela.plt
 *(.rela.plt)

.text           0x00000000      0x52a
 *(.vectors)
 .vectors       0x00000000       0x8c /usr/local/CrossPack-AVR-20130212/lib/gcc/avr/4.6.2/../../../../avr/lib/avr51/crtm128.o
                0x00000000                __vectors
                0x00000000                __vector_default
 *(.vectors)
 *(.progmem.gcc*)
 *(.progmem*)
                0x0000008c                . = ALIGN (0x2)
                0x0000008c                __trampolines_start = .
 *(.trampolines)
 .trampolines   0x0000008c        0x0 linker stubs
 *(.trampolines*)
                0x0000008c                __trampolines_end = .
 *(.jumptables)
 *(.jumptables*)
 *(.lowtext)
 *(.lowtext*)
                0x0000008c                __ctors_start = .
 *(.ctors)
                0x0000008c                __ctors_end = .
                0x0000008c                __dtors_start = .
 *(.dtors)
                0x0000008c                __dtors_end = .
 SORT(*)(.ctors)
 SORT(*)(.dtors)
 *(.init0)
 .init0         0x0000008c        0x0 /usr/local/CrossPack-AVR-20130212/lib/gcc/avr/4.6.2/../../../../avr/lib/avr51/crtm128.o
                0x0000008c                __init
 *(.init0)
 *(.init1)
 *(.init1)
 *(.init2)
 .init2         0x0000008c        0xc /usr/local/CrossPack-AVR-20130212/lib/gcc/avr/4.6.2/../../../../avr/lib/avr51/crtm128.o
 *(.init2)
 *(.init3)
 *(.init3)
 *(.init4)
 .init4         0x00000098       0x1c /usr/local/CrossPack-AVR-20130212/lib/gcc/avr/4.6.2/avr51/libgcc.a(_copy_data.o)
                0x00000098                __do_copy_data
 .init4         0x000000b4       0x10 /usr/local/CrossPack-AVR-20130212/lib/gcc/avr/4.6.2/avr51/libgcc.a(_clear_bss.o)
                0x000000b4                __do_clear_bss
 *(.init4)
 *(.init5)
 *(.init5)
 *(.init6)
 *(.init6)
 *(.init7)
 *(.init7)
 *(.init8)
 *(.init8)
 *(.init9)
 .init9         0x000000c4        0x4 /usr/local/CrossPack-AVR-20130212/lib/gcc/avr/4.6.2/../../../../avr/lib/avr51/crtm128.o
 *(.init9)
 *(.text)
 .text          0x000000c8        0x2 /usr/local/CrossPack-AVR-20130212/lib/gcc/avr/4.6.2/../../../../avr/lib/avr51/crtm128.o
                0x000000c8                __vector_20
                0x000000c8                __vector_28
                0x000000c8                __vector_1
                0x000000c8                __vector_32
                0x000000c8                __vector_34
                0x000000c8                __vector_24
                0x000000c8                __bad_interrupt
                0x000000c8                __vector_6
                0x000000c8                __vector_31
                0x000000c8                __vector_3
                0x000000c8                __vector_23
                0x000000c8                __vector_30
                0x000000c8                __vector_25
                0x000000c8                __vector_11
                0x000000c8                __vector_13
                0x000000c8                __vector_17
                0x000000c8                __vector_19
                0x000000c8                __vector_7
                0x000000c8                __vector_27
                0x000000c8                __vector_5
                0x000000c8                __vector_33
                0x000000c8                __vector_4
                0x000000c8                __vector_9
                0x000000c8                __vector_2
                0x000000c8                __vector_21
                0x000000c8                __vector_15
                0x000000c8                __vector_29
                0x000000c8                __vector_8
                0x000000c8                __vector_26
                0x000000c8                __vector_14
                0x000000c8                __vector_10
                0x000000c8                __vector_16
                0x000000c8                __vector_18
                0x000000c8                __vector_22
                0x000000ca                . = ALIGN (0x2)
 *(.text.*)
 .text.ddr_setup
                0x000000ca       0x1e obj/main.o
                0x000000ca                ddr_setup
 .text.spi_setup
                0x000000e8        0xa obj/main.o
                0x000000e8                spi_setup
 .text.pwm_setup
                0x000000f2       0x16 obj/main.o
                0x000000f2                pwm_setup
 .text.spi_sendbyte
                0x00000108        0x8 obj/main.o
                0x00000108                spi_sendbyte
 .text.spi_sendarray
                0x00000110       0x3a obj/main.o
                0x00000110                spi_sendarray
 .text.COG_sendbyte
                0x0000014a       0x3c obj/main.o
                0x0000014a                COG_sendbyte
 .text.COG_sendarray
                0x00000186       0x48 obj/main.o
                0x00000186                COG_sendarray
 .text.fill_image_buff
                0x000001ce       0x4e obj/main.o
                0x000001ce                fill_image_buff
 .text.COG_startup
                0x0000021c       0x58 obj/main.o
                0x0000021c                COG_startup
 .text.COG_init
                0x00000274      0x10a obj/main.o
                0x00000274                COG_init
 .text.COG_write
                0x0000037e       0x44 obj/main.o
                0x0000037e                COG_write
 .text.__vector_12
                0x000003c2       0x18 obj/main.o
                0x000003c2                __vector_12
 .text.startup.main
                0x000003da       0x7e obj/main.o
                0x000003da                main
 .text.usart_setup
                0x00000458       0x42 obj/usart.o
                0x00000458                usart_setup
 .text.usart_sendbyte
                0x0000049a        0xe obj/usart.o
                0x0000049a                usart_sendbyte
 .text.usart_sendarray
                0x000004a8       0x3a obj/usart.o
                0x000004a8                usart_sendarray
 .text.libgcc   0x000004e2       0x44 /usr/local/CrossPack-AVR-20130212/lib/gcc/avr/4.6.2/avr51/libgcc.a(_udivmodsi4.o)
                0x000004e2                __udivmodsi4
                0x00000526                . = ALIGN (0x2)
 *(.fini9)
 .fini9         0x00000526        0x0 /usr/local/CrossPack-AVR-20130212/lib/gcc/avr/4.6.2/avr51/libgcc.a(_exit.o)
                0x00000526                exit
                0x00000526                _exit
 *(.fini9)
 *(.fini8)
 *(.fini8)
 *(.fini7)
 *(.fini7)
 *(.fini6)
 *(.fini6)
 *(.fini5)
 *(.fini5)
 *(.fini4)
 *(.fini4)
 *(.fini3)
 *(.fini3)
 *(.fini2)
 *(.fini2)
 *(.fini1)
 *(.fini1)
 *(.fini0)
 .fini0         0x00000526        0x4 /usr/local/CrossPack-AVR-20130212/lib/gcc/avr/4.6.2/avr51/libgcc.a(_exit.o)
 *(.fini0)
                0x0000052a                _etext = .

.data           0x00800100       0x4e load address 0x0000052a
                0x00800100                PROVIDE (__data_start, .)
 *(.data)
 .data          0x00800100        0x0 /usr/local/CrossPack-AVR-20130212/lib/gcc/avr/4.6.2/../../../../avr/lib/avr51/crtm128.o
 .data          0x00800100       0x4e obj/main.o
 .data          0x0080014e        0x0 obj/usart.o
 .data          0x0080014e        0x0 /usr/local/CrossPack-AVR-20130212/lib/gcc/avr/4.6.2/avr51/libgcc.a(_udivmodsi4.o)
 .data          0x0080014e        0x0 /usr/local/CrossPack-AVR-20130212/lib/gcc/avr/4.6.2/avr51/libgcc.a(_exit.o)
 .data          0x0080014e        0x0 /usr/local/CrossPack-AVR-20130212/lib/gcc/avr/4.6.2/avr51/libgcc.a(_copy_data.o)
 .data          0x0080014e        0x0 /usr/local/CrossPack-AVR-20130212/lib/gcc/avr/4.6.2/avr51/libgcc.a(_clear_bss.o)
 *(.data*)
 *(.rodata)
 *(.rodata*)
 *(.gnu.linkonce.d*)
                0x0080014e                . = ALIGN (0x2)
                0x0080014e                _edata = .
                0x0080014e                PROVIDE (__data_end, .)

.bss            0x0080014e     0x5581
                0x0080014e                PROVIDE (__bss_start, .)
 *(.bss)
 .bss           0x0080014e        0x1 obj/main.o
                0x0080014e                state
 *(.bss*)
 *(COMMON)
 COMMON         0x0080014f     0x5580 obj/main.o
                0x0080014f                test_buffer_wht
                0x00801dcf                test_buffer_blk
                0x00803a4f                test_buffer_nth
                0x008056cf                PROVIDE (__bss_end, .)
                0x0000052a                __data_load_start = LOADADDR (.data)
                0x00000578                __data_load_end = (__data_load_start + SIZEOF (.data))

.noinit         0x008056cf        0x0
                0x008056cf                PROVIDE (__noinit_start, .)
 *(.noinit*)
                0x008056cf                PROVIDE (__noinit_end, .)
                0x008056cf                _end = .
                0x008056cf                PROVIDE (__heap_start, .)

.eeprom         0x00810000        0x0
 *(.eeprom*)
                0x00810000                __eeprom_end = .

.fuse
 *(.fuse)
 *(.lfuse)
 *(.hfuse)
 *(.efuse)

.lock
 *(.lock*)

.signature
 *(.signature*)

.stab           0x00000000      0x6cc
 *(.stab)
 .stab          0x00000000      0x6cc /usr/local/CrossPack-AVR-20130212/lib/gcc/avr/4.6.2/../../../../avr/lib/avr51/crtm128.o

.stabstr        0x00000000       0x81
 *(.stabstr)
 .stabstr       0x00000000       0x81 /usr/local/CrossPack-AVR-20130212/lib/gcc/avr/4.6.2/../../../../avr/lib/avr51/crtm128.o

.stab.excl
 *(.stab.excl)

.stab.exclstr
 *(.stab.exclstr)

.stab.index
 *(.stab.index)

.stab.indexstr
 *(.stab.indexstr)

.comment
 *(.comment)

.debug
 *(.debug)

.line
 *(.line)

.debug_srcinfo
 *(.debug_srcinfo)

.debug_sfnames
 *(.debug_sfnames)

.debug_aranges  0x00000000       0x80
 *(.debug_aranges)
 .debug_aranges
                0x00000000       0x20 /usr/local/CrossPack-AVR-20130212/lib/gcc/avr/4.6.2/avr51/libgcc.a(_udivmodsi4.o)
 .debug_aranges
                0x00000020       0x20 /usr/local/CrossPack-AVR-20130212/lib/gcc/avr/4.6.2/avr51/libgcc.a(_exit.o)
 .debug_aranges
                0x00000040       0x20 /usr/local/CrossPack-AVR-20130212/lib/gcc/avr/4.6.2/avr51/libgcc.a(_copy_data.o)
 .debug_aranges
                0x00000060       0x20 /usr/local/CrossPack-AVR-20130212/lib/gcc/avr/4.6.2/avr51/libgcc.a(_clear_bss.o)

.debug_pubnames
 *(.debug_pubnames)

.debug_info     0x00000000      0x304
 *(.debug_info)
 .debug_info    0x00000000       0xc1 /usr/local/CrossPack-AVR-20130212/lib/gcc/avr/4.6.2/avr51/libgcc.a(_udivmodsi4.o)
 .debug_info    0x000000c1       0xc1 /usr/local/CrossPack-AVR-20130212/lib/gcc/avr/4.6.2/avr51/libgcc.a(_exit.o)
 .debug_info    0x00000182       0xc1 /usr/local/CrossPack-AVR-20130212/lib/gcc/avr/4.6.2/avr51/libgcc.a(_copy_data.o)
 .debug_info    0x00000243       0xc1 /usr/local/CrossPack-AVR-20130212/lib/gcc/avr/4.6.2/avr51/libgcc.a(_clear_bss.o)
 *(.gnu.linkonce.wi.*)

.debug_abbrev   0x00000000       0x50
 *(.debug_abbrev)
 .debug_abbrev  0x00000000       0x14 /usr/local/CrossPack-AVR-20130212/lib/gcc/avr/4.6.2/avr51/libgcc.a(_udivmodsi4.o)
 .debug_abbrev  0x00000014       0x14 /usr/local/CrossPack-AVR-20130212/lib/gcc/avr/4.6.2/avr51/libgcc.a(_exit.o)
 .debug_abbrev  0x00000028       0x14 /usr/local/CrossPack-AVR-20130212/lib/gcc/avr/4.6.2/avr51/libgcc.a(_copy_data.o)
 .debug_abbrev  0x0000003c       0x14 /usr/local/CrossPack-AVR-20130212/lib/gcc/avr/4.6.2/avr51/libgcc.a(_clear_bss.o)

.debug_line     0x00000000      0x1a4
 *(.debug_line)
 .debug_line    0x00000000       0x7c /usr/local/CrossPack-AVR-20130212/lib/gcc/avr/4.6.2/avr51/libgcc.a(_udivmodsi4.o)
 .debug_line    0x0000007c       0x5c /usr/local/CrossPack-AVR-20130212/lib/gcc/avr/4.6.2/avr51/libgcc.a(_exit.o)
 .debug_line    0x000000d8       0x6a /usr/local/CrossPack-AVR-20130212/lib/gcc/avr/4.6.2/avr51/libgcc.a(_copy_data.o)
 .debug_line    0x00000142       0x62 /usr/local/CrossPack-AVR-20130212/lib/gcc/avr/4.6.2/avr51/libgcc.a(_clear_bss.o)

.debug_frame
 *(.debug_frame)

.debug_str
 *(.debug_str)

.debug_loc
 *(.debug_loc)

.debug_macinfo
 *(.debug_macinfo)
OUTPUT(main.elf elf32-avr)
LOAD linker stubs

Cross Reference Table

Symbol                                            File
COG_busy                                          obj/main.o
COG_init                                          obj/main.o
COG_off                                           obj/main.o
COG_sendarray                                     obj/main.o
COG_sendbyte                                      obj/main.o
COG_startup                                       obj/main.o
COG_write                                         obj/main.o
__bad_interrupt                                   /usr/local/CrossPack-AVR-20130212/lib/gcc/avr/4.6.2/../../../../avr/lib/avr51/crtm128.o
__bss_end                                         /usr/local/CrossPack-AVR-20130212/lib/gcc/avr/4.6.2/avr51/libgcc.a(_clear_bss.o)
__bss_start                                       /usr/local/CrossPack-AVR-20130212/lib/gcc/avr/4.6.2/avr51/libgcc.a(_clear_bss.o)
__data_end                                        /usr/local/CrossPack-AVR-20130212/lib/gcc/avr/4.6.2/avr51/libgcc.a(_copy_data.o)
__data_load_start                                 /usr/local/CrossPack-AVR-20130212/lib/gcc/avr/4.6.2/avr51/libgcc.a(_copy_data.o)
__data_start                                      /usr/local/CrossPack-AVR-20130212/lib/gcc/avr/4.6.2/avr51/libgcc.a(_copy_data.o)
__do_clear_bss                                    /usr/local/CrossPack-AVR-20130212/lib/gcc/avr/4.6.2/avr51/libgcc.a(_clear_bss.o)
                                                  obj/usart.o
                                                  obj/main.o
__do_copy_data                                    /usr/local/CrossPack-AVR-20130212/lib/gcc/avr/4.6.2/avr51/libgcc.a(_copy_data.o)
                                                  obj/usart.o
                                                  obj/main.o
__heap_end                                        /usr/local/CrossPack-AVR-20130212/lib/gcc/avr/4.6.2/../../../../avr/lib/avr51/crtm128.o
__init                                            /usr/local/CrossPack-AVR-20130212/lib/gcc/avr/4.6.2/../../../../avr/lib/avr51/crtm128.o
__stack                                           /usr/local/CrossPack-AVR-20130212/lib/gcc/avr/4.6.2/../../../../avr/lib/avr51/crtm128.o
__udivmodsi4                                      /usr/local/CrossPack-AVR-20130212/lib/gcc/avr/4.6.2/avr51/libgcc.a(_udivmodsi4.o)
                                                  obj/usart.o
__vector_1                                        /usr/local/CrossPack-AVR-20130212/lib/gcc/avr/4.6.2/../../../../avr/lib/avr51/crtm128.o
__vector_10                                       /usr/local/CrossPack-AVR-20130212/lib/gcc/avr/4.6.2/../../../../avr/lib/avr51/crtm128.o
__vector_11                                       /usr/local/CrossPack-AVR-20130212/lib/gcc/avr/4.6.2/../../../../avr/lib/avr51/crtm128.o
__vector_12                                       obj/main.o
                                                  /usr/local/CrossPack-AVR-20130212/lib/gcc/avr/4.6.2/../../../../avr/lib/avr51/crtm128.o
__vector_13                                       /usr/local/CrossPack-AVR-20130212/lib/gcc/avr/4.6.2/../../../../avr/lib/avr51/crtm128.o
__vector_14                                       /usr/local/CrossPack-AVR-20130212/lib/gcc/avr/4.6.2/../../../../avr/lib/avr51/crtm128.o
__vector_15                                       /usr/local/CrossPack-AVR-20130212/lib/gcc/avr/4.6.2/../../../../avr/lib/avr51/crtm128.o
__vector_16                                       /usr/local/CrossPack-AVR-20130212/lib/gcc/avr/4.6.2/../../../../avr/lib/avr51/crtm128.o
__vector_17                                       /usr/local/CrossPack-AVR-20130212/lib/gcc/avr/4.6.2/../../../../avr/lib/avr51/crtm128.o
__vector_18                                       /usr/local/CrossPack-AVR-20130212/lib/gcc/avr/4.6.2/../../../../avr/lib/avr51/crtm128.o
__vector_19                                       /usr/local/CrossPack-AVR-20130212/lib/gcc/avr/4.6.2/../../../../avr/lib/avr51/crtm128.o
__vector_2                                        /usr/local/CrossPack-AVR-20130212/lib/gcc/avr/4.6.2/../../../../avr/lib/avr51/crtm128.o
__vector_20                                       /usr/local/CrossPack-AVR-20130212/lib/gcc/avr/4.6.2/../../../../avr/lib/avr51/crtm128.o
__vector_21                                       /usr/local/CrossPack-AVR-20130212/lib/gcc/avr/4.6.2/../../../../avr/lib/avr51/crtm128.o
__vector_22                                       /usr/local/CrossPack-AVR-20130212/lib/gcc/avr/4.6.2/../../../../avr/lib/avr51/crtm128.o
__vector_23                                       /usr/local/CrossPack-AVR-20130212/lib/gcc/avr/4.6.2/../../../../avr/lib/avr51/crtm128.o
__vector_24                                       /usr/local/CrossPack-AVR-20130212/lib/gcc/avr/4.6.2/../../../../avr/lib/avr51/crtm128.o
__vector_25                                       /usr/local/CrossPack-AVR-20130212/lib/gcc/avr/4.6.2/../../../../avr/lib/avr51/crtm128.o
__vector_26                                       /usr/local/CrossPack-AVR-20130212/lib/gcc/avr/4.6.2/../../../../avr/lib/avr51/crtm128.o
__vector_27                                       /usr/local/CrossPack-AVR-20130212/lib/gcc/avr/4.6.2/../../../../avr/lib/avr51/crtm128.o
__vector_28                                       /usr/local/CrossPack-AVR-20130212/lib/gcc/avr/4.6.2/../../../../avr/lib/avr51/crtm128.o
__vector_29                                       /usr/local/CrossPack-AVR-20130212/lib/gcc/avr/4.6.2/../../../../avr/lib/avr51/crtm128.o
__vector_3                                        /usr/local/CrossPack-AVR-20130212/lib/gcc/avr/4.6.2/../../../../avr/lib/avr51/crtm128.o
__vector_30                                       /usr/local/CrossPack-AVR-20130212/lib/gcc/avr/4.6.2/../../../../avr/lib/avr51/crtm128.o
__vector_31                                       /usr/local/CrossPack-AVR-20130212/lib/gcc/avr/4.6.2/../../../../avr/lib/avr51/crtm128.o
__vector_32                                       /usr/local/CrossPack-AVR-20130212/lib/gcc/avr/4.6.2/../../../../avr/lib/avr51/crtm128.o
__vector_33                                       /usr/local/CrossPack-AVR-20130212/lib/gcc/avr/4.6.2/../../../../avr/lib/avr51/crtm128.o
__vector_34                                       /usr/local/CrossPack-AVR-20130212/lib/gcc/avr/4.6.2/../../../../avr/lib/avr51/crtm128.o
__vector_4                                        /usr/local/CrossPack-AVR-20130212/lib/gcc/avr/4.6.2/../../../../avr/lib/avr51/crtm128.o
__vector_5                                        /usr/local/CrossPack-AVR-20130212/lib/gcc/avr/4.6.2/../../../../avr/lib/avr51/crtm128.o
__vector_6                                        /usr/local/CrossPack-AVR-20130212/lib/gcc/avr/4.6.2/../../../../avr/lib/avr51/crtm128.o
__vector_7                                        /usr/local/CrossPack-AVR-20130212/lib/gcc/avr/4.6.2/../../../../avr/lib/avr51/crtm128.o
__vector_8                                        /usr/local/CrossPack-AVR-20130212/lib/gcc/avr/4.6.2/../../../../avr/lib/avr51/crtm128.o
__vector_9                                        /usr/local/CrossPack-AVR-20130212/lib/gcc/avr/4.6.2/../../../../avr/lib/avr51/crtm128.o
__vector_default                                  /usr/local/CrossPack-AVR-20130212/lib/gcc/avr/4.6.2/../../../../avr/lib/avr51/crtm128.o
__vectors                                         /usr/local/CrossPack-AVR-20130212/lib/gcc/avr/4.6.2/../../../../avr/lib/avr51/crtm128.o
_exit                                             /usr/local/CrossPack-AVR-20130212/lib/gcc/avr/4.6.2/avr51/libgcc.a(_exit.o)
ddr_setup                                         obj/main.o
exit                                              /usr/local/CrossPack-AVR-20130212/lib/gcc/avr/4.6.2/avr51/libgcc.a(_exit.o)
                                                  /usr/local/CrossPack-AVR-20130212/lib/gcc/avr/4.6.2/../../../../avr/lib/avr51/crtm128.o
fill_image_buff                                   obj/main.o
main                                              obj/main.o
                                                  /usr/local/CrossPack-AVR-20130212/lib/gcc/avr/4.6.2/../../../../avr/lib/avr51/crtm128.o
pwm_setup                                         obj/main.o
spi_sendarray                                     obj/main.o
spi_sendbyte                                      obj/main.o
spi_setup                                         obj/main.o
state                                             obj/main.o
test_buffer_blk                                   obj/main.o
test_buffer_nth                                   obj/main.o
test_buffer_wht                                   obj/main.o
usart_readbyte                                    obj/usart.o
usart_sendarray                                   obj/usart.o
                                                  obj/main.o
usart_sendbyte                                    obj/usart.o
                                                  obj/main.o
usart_setup                                       obj/usart.o
                                                  obj/main.o
