Archive member included because of file (symbol)

/usr/local/bin/../lib/gcc/avr/4.5.1/avr51/libgcc.a(_udivmodsi4.o)
                              obj/usart.o (__udivmodsi4)
/usr/local/bin/../lib/gcc/avr/4.5.1/avr51/libgcc.a(_exit.o)
                              /usr/local/bin/../lib/gcc/avr/4.5.1/../../../../avr/lib/avr51/crtm128.o (exit)
/usr/local/bin/../lib/gcc/avr/4.5.1/avr51/libgcc.a(_copy_data.o)
                              obj/main.o (__do_copy_data)
/usr/local/bin/../lib/gcc/avr/4.5.1/avr51/libgcc.a(_clear_bss.o)
                              obj/main.o (__do_clear_bss)

Discarded input sections

 .data          0x00000000        0x0 /usr/local/bin/../lib/gcc/avr/4.5.1/../../../../avr/lib/avr51/crtm128.o
 .bss           0x00000000        0x0 /usr/local/bin/../lib/gcc/avr/4.5.1/../../../../avr/lib/avr51/crtm128.o
 .text          0x00000000        0x0 obj/main.o
 .text.fill_image_buff
                0x00000000       0x42 obj/main.o
 .text          0x00000000        0x0 obj/usart.o
 .data          0x00000000        0x0 obj/usart.o
 .bss           0x00000000        0x0 obj/usart.o
 .text.usart_readbyte
                0x00000000        0xe obj/usart.o
 .text          0x00000000        0x0 obj/spi.o
 .data          0x00000000        0x0 obj/spi.o
 .bss           0x00000000        0x0 obj/spi.o
 .text.spi_on   0x00000000       0x18 obj/spi.o
 .text.spi_off  0x00000000       0x18 obj/spi.o
 .text          0x00000000        0x0 obj/COG.o
 .bss           0x00000000        0x0 obj/COG.o
 .text.COG_write_array
                0x00000000       0x50 obj/COG.o
 .text          0x00000000        0x0 /usr/local/bin/../lib/gcc/avr/4.5.1/avr51/libgcc.a(_udivmodsi4.o)
 .data          0x00000000        0x0 /usr/local/bin/../lib/gcc/avr/4.5.1/avr51/libgcc.a(_udivmodsi4.o)
 .bss           0x00000000        0x0 /usr/local/bin/../lib/gcc/avr/4.5.1/avr51/libgcc.a(_udivmodsi4.o)
 .text          0x00000000        0x0 /usr/local/bin/../lib/gcc/avr/4.5.1/avr51/libgcc.a(_exit.o)
 .data          0x00000000        0x0 /usr/local/bin/../lib/gcc/avr/4.5.1/avr51/libgcc.a(_exit.o)
 .bss           0x00000000        0x0 /usr/local/bin/../lib/gcc/avr/4.5.1/avr51/libgcc.a(_exit.o)
 .text.libgcc   0x00000000        0x0 /usr/local/bin/../lib/gcc/avr/4.5.1/avr51/libgcc.a(_exit.o)
 .text          0x00000000        0x0 /usr/local/bin/../lib/gcc/avr/4.5.1/avr51/libgcc.a(_copy_data.o)
 .data          0x00000000        0x0 /usr/local/bin/../lib/gcc/avr/4.5.1/avr51/libgcc.a(_copy_data.o)
 .bss           0x00000000        0x0 /usr/local/bin/../lib/gcc/avr/4.5.1/avr51/libgcc.a(_copy_data.o)
 .text.libgcc   0x00000000        0x0 /usr/local/bin/../lib/gcc/avr/4.5.1/avr51/libgcc.a(_copy_data.o)
 .text          0x00000000        0x0 /usr/local/bin/../lib/gcc/avr/4.5.1/avr51/libgcc.a(_clear_bss.o)
 .data          0x00000000        0x0 /usr/local/bin/../lib/gcc/avr/4.5.1/avr51/libgcc.a(_clear_bss.o)
 .bss           0x00000000        0x0 /usr/local/bin/../lib/gcc/avr/4.5.1/avr51/libgcc.a(_clear_bss.o)
 .text.libgcc   0x00000000        0x0 /usr/local/bin/../lib/gcc/avr/4.5.1/avr51/libgcc.a(_clear_bss.o)

Memory Configuration

Name             Origin             Length             Attributes
text             0x00000000         0x00020000         xr
data             0x00800100         0x0000ff00         rw !x
eeprom           0x00810000         0x00010000         rw !x
fuse             0x00820000         0x00000400         rw !x
lock             0x00830000         0x00000400         rw !x
signature        0x00840000         0x00000400         rw !x
*default*        0x00000000         0xffffffff

Linker script and memory map

Address of section .data set to 0x800100
LOAD /usr/local/bin/../lib/gcc/avr/4.5.1/../../../../avr/lib/avr51/crtm128.o
LOAD obj/main.o
LOAD obj/usart.o
LOAD obj/spi.o
LOAD obj/COG.o
LOAD /usr/local/bin/../lib/gcc/avr/4.5.1/../../../../avr/lib/avr51/libm.a
LOAD /usr/local/bin/../lib/gcc/avr/4.5.1/avr51/libgcc.a
LOAD /usr/local/bin/../lib/gcc/avr/4.5.1/../../../../avr/lib/avr51/libc.a
LOAD /usr/local/bin/../lib/gcc/avr/4.5.1/avr51/libgcc.a

.hash
 *(.hash)

.dynsym
 *(.dynsym)

.dynstr
 *(.dynstr)

.gnu.version
 *(.gnu.version)

.gnu.version_d
 *(.gnu.version_d)

.gnu.version_r
 *(.gnu.version_r)

.rel.init
 *(.rel.init)

.rela.init
 *(.rela.init)

.rel.text
 *(.rel.text)
 *(.rel.text.*)
 *(.rel.gnu.linkonce.t*)

.rela.text
 *(.rela.text)
 *(.rela.text.*)
 *(.rela.gnu.linkonce.t*)

.rel.fini
 *(.rel.fini)

.rela.fini
 *(.rela.fini)

.rel.rodata
 *(.rel.rodata)
 *(.rel.rodata.*)
 *(.rel.gnu.linkonce.r*)

.rela.rodata
 *(.rela.rodata)
 *(.rela.rodata.*)
 *(.rela.gnu.linkonce.r*)

.rel.data
 *(.rel.data)
 *(.rel.data.*)
 *(.rel.gnu.linkonce.d*)

.rela.data
 *(.rela.data)
 *(.rela.data.*)
 *(.rela.gnu.linkonce.d*)

.rel.ctors
 *(.rel.ctors)

.rela.ctors
 *(.rela.ctors)

.rel.dtors
 *(.rel.dtors)

.rela.dtors
 *(.rela.dtors)

.rel.got
 *(.rel.got)

.rela.got
 *(.rela.got)

.rel.bss
 *(.rel.bss)

.rela.bss
 *(.rela.bss)

.rel.plt
 *(.rel.plt)

.rela.plt
 *(.rela.plt)

.text           0x00000000      0x782
 *(.vectors)
 .vectors       0x00000000       0x8c /usr/local/bin/../lib/gcc/avr/4.5.1/../../../../avr/lib/avr51/crtm128.o
                0x00000000                __vectors
                0x00000000                __vector_default
 *(.vectors)
 *(.progmem.gcc*)
 *(.progmem*)
                0x0000008c                . = ALIGN (0x2)
                0x0000008c                __trampolines_start = .
 *(.trampolines)
 .trampolines   0x0000008c        0x0 linker stubs
 *(.trampolines*)
                0x0000008c                __trampolines_end = .
 *(.jumptables)
 *(.jumptables*)
 *(.lowtext)
 *(.lowtext*)
                0x0000008c                __ctors_start = .
 *(.ctors)
                0x0000008c                __ctors_end = .
                0x0000008c                __dtors_start = .
 *(.dtors)
                0x0000008c                __dtors_end = .
 SORT(*)(.ctors)
 SORT(*)(.dtors)
 *(.init0)
 .init0         0x0000008c        0x0 /usr/local/bin/../lib/gcc/avr/4.5.1/../../../../avr/lib/avr51/crtm128.o
                0x0000008c                __init
 *(.init0)
 *(.init1)
 *(.init1)
 *(.init2)
 .init2         0x0000008c        0xc /usr/local/bin/../lib/gcc/avr/4.5.1/../../../../avr/lib/avr51/crtm128.o
 *(.init2)
 *(.init3)
 *(.init3)
 *(.init4)
 .init4         0x00000098       0x1a /usr/local/bin/../lib/gcc/avr/4.5.1/avr51/libgcc.a(_copy_data.o)
                0x00000098                __do_copy_data
 .init4         0x000000b2       0x10 /usr/local/bin/../lib/gcc/avr/4.5.1/avr51/libgcc.a(_clear_bss.o)
                0x000000b2                __do_clear_bss
 *(.init4)
 *(.init5)
 *(.init5)
 *(.init6)
 *(.init6)
 *(.init7)
 *(.init7)
 *(.init8)
 *(.init8)
 *(.init9)
 .init9         0x000000c2        0x4 /usr/local/bin/../lib/gcc/avr/4.5.1/../../../../avr/lib/avr51/crtm128.o
 *(.init9)
 *(.text)
 .text          0x000000c6        0x2 /usr/local/bin/../lib/gcc/avr/4.5.1/../../../../avr/lib/avr51/crtm128.o
                0x000000c6                __vector_20
                0x000000c6                __vector_28
                0x000000c6                __vector_1
                0x000000c6                __vector_32
                0x000000c6                __vector_34
                0x000000c6                __vector_24
                0x000000c6                __bad_interrupt
                0x000000c6                __vector_6
                0x000000c6                __vector_31
                0x000000c6                __vector_3
                0x000000c6                __vector_23
                0x000000c6                __vector_30
                0x000000c6                __vector_25
                0x000000c6                __vector_11
                0x000000c6                __vector_13
                0x000000c6                __vector_17
                0x000000c6                __vector_19
                0x000000c6                __vector_7
                0x000000c6                __vector_27
                0x000000c6                __vector_5
                0x000000c6                __vector_33
                0x000000c6                __vector_4
                0x000000c6                __vector_9
                0x000000c6                __vector_2
                0x000000c6                __vector_21
                0x000000c6                __vector_15
                0x000000c6                __vector_29
                0x000000c6                __vector_8
                0x000000c6                __vector_26
                0x000000c6                __vector_14
                0x000000c6                __vector_10
                0x000000c6                __vector_16
                0x000000c6                __vector_18
                0x000000c6                __vector_22
                0x000000c8                . = ALIGN (0x2)
 *(.text.*)
 .text.ddr_setup
                0x000000c8       0x20 obj/main.o
                0x000000c8                ddr_setup
 .text.pwm_setup
                0x000000e8       0x16 obj/main.o
                0x000000e8                pwm_setup
 .text.__vector_12
                0x000000fe       0x18 obj/main.o
                0x000000fe                __vector_12
 .text.main     0x00000116      0x176 obj/main.o
                0x00000116                main
 .text.usart_setup
                0x0000028c       0x36 obj/usart.o
                0x0000028c                usart_setup
 .text.usart_sendbyte
                0x000002c2        0xe obj/usart.o
                0x000002c2                usart_sendbyte
 .text.usart_sendarray
                0x000002d0       0x3c obj/usart.o
                0x000002d0                usart_sendarray
 .text.spi_setup
                0x0000030c        0xa obj/spi.o
                0x0000030c                spi_setup
 .text.spi_sendbyte
                0x00000316        0x8 obj/spi.o
                0x00000316                spi_sendbyte
 .text.spi_sendarray
                0x0000031e       0x3c obj/spi.o
                0x0000031e                spi_sendarray
 .text.COG_busy
                0x0000035a        0xe obj/COG.o
                0x0000035a                COG_busy
 .text.COG_sendbyte
                0x00000368       0x44 obj/COG.o
                0x00000368                COG_sendbyte
 .text.COG_sendarray
                0x000003ac       0x50 obj/COG.o
                0x000003ac                COG_sendarray
 .text.COG_startup
                0x000003fc       0x6e obj/COG.o
                0x000003fc                COG_startup
 .text.COG_init
                0x0000046a      0x10e obj/COG.o
                0x0000046a                COG_init
 .text.COG_write_fixed_line
                0x00000578       0xc8 obj/COG.o
                0x00000578                COG_write_fixed_line
 .text.COG_write_fixed_image
                0x00000640       0x22 obj/COG.o
                0x00000640                COG_write_fixed_image
 .text.COG_off  0x00000662       0xd8 obj/COG.o
                0x00000662                COG_off
 .text.libgcc   0x0000073a       0x44 /usr/local/bin/../lib/gcc/avr/4.5.1/avr51/libgcc.a(_udivmodsi4.o)
                0x0000073a                __udivmodsi4
                0x0000077e                . = ALIGN (0x2)
 *(.fini9)
 .fini9         0x0000077e        0x0 /usr/local/bin/../lib/gcc/avr/4.5.1/avr51/libgcc.a(_exit.o)
                0x0000077e                exit
                0x0000077e                _exit
 *(.fini9)
 *(.fini8)
 *(.fini8)
 *(.fini7)
 *(.fini7)
 *(.fini6)
 *(.fini6)
 *(.fini5)
 *(.fini5)
 *(.fini4)
 *(.fini4)
 *(.fini3)
 *(.fini3)
 *(.fini2)
 *(.fini2)
 *(.fini1)
 *(.fini1)
 *(.fini0)
 .fini0         0x0000077e        0x4 /usr/local/bin/../lib/gcc/avr/4.5.1/avr51/libgcc.a(_exit.o)
 *(.fini0)
                0x00000782                _etext = .

.data           0x00800100       0x82 load address 0x00000782
                0x00800100                PROVIDE (__data_start, .)
 *(.data)
 .data          0x00800100       0x2a obj/main.o
 .data          0x0080012a       0x58 obj/COG.o
 *(.data*)
 *(.rodata)
 *(.rodata*)
 *(.gnu.linkonce.d*)
                0x00800182                . = ALIGN (0x2)
                0x00800182                _edata = .
                0x00800182                PROVIDE (__data_end, .)

.bss            0x00800182        0x1
                0x00800182                PROVIDE (__bss_start, .)
 *(.bss)
 .bss           0x00800182        0x1 obj/main.o
                0x00800182                state
 *(.bss*)
 *(COMMON)
                0x00800183                PROVIDE (__bss_end, .)
                0x00000782                __data_load_start = LOADADDR (.data)
                0x00000804                __data_load_end = (__data_load_start + SIZEOF (.data))

.noinit         0x00800183        0x0
                0x00800183                PROVIDE (__noinit_start, .)
 *(.noinit*)
                0x00800183                PROVIDE (__noinit_end, .)
                0x00800183                _end = .
                0x00800183                PROVIDE (__heap_start, .)

.eeprom         0x00810000        0x0
 *(.eeprom*)
                0x00810000                __eeprom_end = .

.fuse
 *(.fuse)
 *(.lfuse)
 *(.hfuse)
 *(.efuse)

.lock
 *(.lock*)

.signature
 *(.signature*)

.stab           0x00000000      0x6cc
 *(.stab)
 .stab          0x00000000      0x6cc /usr/local/bin/../lib/gcc/avr/4.5.1/../../../../avr/lib/avr51/crtm128.o

.stabstr        0x00000000       0x81
 *(.stabstr)
 .stabstr       0x00000000       0x81 /usr/local/bin/../lib/gcc/avr/4.5.1/../../../../avr/lib/avr51/crtm128.o

.stab.excl
 *(.stab.excl)

.stab.exclstr
 *(.stab.exclstr)

.stab.index
 *(.stab.index)

.stab.indexstr
 *(.stab.indexstr)

.comment
 *(.comment)

.debug
 *(.debug)

.line
 *(.line)

.debug_srcinfo
 *(.debug_srcinfo)

.debug_sfnames
 *(.debug_sfnames)

.debug_aranges
 *(.debug_aranges)

.debug_pubnames
 *(.debug_pubnames)

.debug_info
 *(.debug_info)
 *(.gnu.linkonce.wi.*)

.debug_abbrev
 *(.debug_abbrev)

.debug_line
 *(.debug_line)

.debug_frame
 *(.debug_frame)

.debug_str
 *(.debug_str)

.debug_loc
 *(.debug_loc)

.debug_macinfo
 *(.debug_macinfo)
OUTPUT(main.elf elf32-avr)
LOAD linker stubs

Cross Reference Table

Symbol                                            File
COG_busy                                          obj/COG.o
COG_init                                          obj/COG.o
                                                  obj/main.o
COG_off                                           obj/COG.o
                                                  obj/main.o
COG_sendarray                                     obj/COG.o
COG_sendbyte                                      obj/COG.o
COG_startup                                       obj/COG.o
                                                  obj/main.o
COG_write_array                                   obj/COG.o
COG_write_fixed_image                             obj/COG.o
                                                  obj/main.o
COG_write_fixed_line                              obj/COG.o
__bad_interrupt                                   /usr/local/bin/../lib/gcc/avr/4.5.1/../../../../avr/lib/avr51/crtm128.o
__bss_end                                         /usr/local/bin/../lib/gcc/avr/4.5.1/avr51/libgcc.a(_clear_bss.o)
__bss_start                                       /usr/local/bin/../lib/gcc/avr/4.5.1/avr51/libgcc.a(_clear_bss.o)
__data_end                                        /usr/local/bin/../lib/gcc/avr/4.5.1/avr51/libgcc.a(_copy_data.o)
__data_load_start                                 /usr/local/bin/../lib/gcc/avr/4.5.1/avr51/libgcc.a(_copy_data.o)
__data_start                                      /usr/local/bin/../lib/gcc/avr/4.5.1/avr51/libgcc.a(_copy_data.o)
__do_clear_bss                                    /usr/local/bin/../lib/gcc/avr/4.5.1/avr51/libgcc.a(_clear_bss.o)
                                                  obj/main.o
__do_copy_data                                    /usr/local/bin/../lib/gcc/avr/4.5.1/avr51/libgcc.a(_copy_data.o)
                                                  obj/COG.o
                                                  obj/main.o
__heap_end                                        /usr/local/bin/../lib/gcc/avr/4.5.1/../../../../avr/lib/avr51/crtm128.o
__init                                            /usr/local/bin/../lib/gcc/avr/4.5.1/../../../../avr/lib/avr51/crtm128.o
__stack                                           /usr/local/bin/../lib/gcc/avr/4.5.1/../../../../avr/lib/avr51/crtm128.o
__udivmodsi4                                      /usr/local/bin/../lib/gcc/avr/4.5.1/avr51/libgcc.a(_udivmodsi4.o)
                                                  obj/usart.o
__vector_1                                        /usr/local/bin/../lib/gcc/avr/4.5.1/../../../../avr/lib/avr51/crtm128.o
__vector_10                                       /usr/local/bin/../lib/gcc/avr/4.5.1/../../../../avr/lib/avr51/crtm128.o
__vector_11                                       /usr/local/bin/../lib/gcc/avr/4.5.1/../../../../avr/lib/avr51/crtm128.o
__vector_12                                       obj/main.o
                                                  /usr/local/bin/../lib/gcc/avr/4.5.1/../../../../avr/lib/avr51/crtm128.o
__vector_13                                       /usr/local/bin/../lib/gcc/avr/4.5.1/../../../../avr/lib/avr51/crtm128.o
__vector_14                                       /usr/local/bin/../lib/gcc/avr/4.5.1/../../../../avr/lib/avr51/crtm128.o
__vector_15                                       /usr/local/bin/../lib/gcc/avr/4.5.1/../../../../avr/lib/avr51/crtm128.o
__vector_16                                       /usr/local/bin/../lib/gcc/avr/4.5.1/../../../../avr/lib/avr51/crtm128.o
__vector_17                                       /usr/local/bin/../lib/gcc/avr/4.5.1/../../../../avr/lib/avr51/crtm128.o
__vector_18                                       /usr/local/bin/../lib/gcc/avr/4.5.1/../../../../avr/lib/avr51/crtm128.o
__vector_19                                       /usr/local/bin/../lib/gcc/avr/4.5.1/../../../../avr/lib/avr51/crtm128.o
__vector_2                                        /usr/local/bin/../lib/gcc/avr/4.5.1/../../../../avr/lib/avr51/crtm128.o
__vector_20                                       /usr/local/bin/../lib/gcc/avr/4.5.1/../../../../avr/lib/avr51/crtm128.o
__vector_21                                       /usr/local/bin/../lib/gcc/avr/4.5.1/../../../../avr/lib/avr51/crtm128.o
__vector_22                                       /usr/local/bin/../lib/gcc/avr/4.5.1/../../../../avr/lib/avr51/crtm128.o
__vector_23                                       /usr/local/bin/../lib/gcc/avr/4.5.1/../../../../avr/lib/avr51/crtm128.o
__vector_24                                       /usr/local/bin/../lib/gcc/avr/4.5.1/../../../../avr/lib/avr51/crtm128.o
__vector_25                                       /usr/local/bin/../lib/gcc/avr/4.5.1/../../../../avr/lib/avr51/crtm128.o
__vector_26                                       /usr/local/bin/../lib/gcc/avr/4.5.1/../../../../avr/lib/avr51/crtm128.o
__vector_27                                       /usr/local/bin/../lib/gcc/avr/4.5.1/../../../../avr/lib/avr51/crtm128.o
__vector_28                                       /usr/local/bin/../lib/gcc/avr/4.5.1/../../../../avr/lib/avr51/crtm128.o
__vector_29                                       /usr/local/bin/../lib/gcc/avr/4.5.1/../../../../avr/lib/avr51/crtm128.o
__vector_3                                        /usr/local/bin/../lib/gcc/avr/4.5.1/../../../../avr/lib/avr51/crtm128.o
__vector_30                                       /usr/local/bin/../lib/gcc/avr/4.5.1/../../../../avr/lib/avr51/crtm128.o
__vector_31                                       /usr/local/bin/../lib/gcc/avr/4.5.1/../../../../avr/lib/avr51/crtm128.o
__vector_32                                       /usr/local/bin/../lib/gcc/avr/4.5.1/../../../../avr/lib/avr51/crtm128.o
__vector_33                                       /usr/local/bin/../lib/gcc/avr/4.5.1/../../../../avr/lib/avr51/crtm128.o
__vector_34                                       /usr/local/bin/../lib/gcc/avr/4.5.1/../../../../avr/lib/avr51/crtm128.o
__vector_4                                        /usr/local/bin/../lib/gcc/avr/4.5.1/../../../../avr/lib/avr51/crtm128.o
__vector_5                                        /usr/local/bin/../lib/gcc/avr/4.5.1/../../../../avr/lib/avr51/crtm128.o
__vector_6                                        /usr/local/bin/../lib/gcc/avr/4.5.1/../../../../avr/lib/avr51/crtm128.o
__vector_7                                        /usr/local/bin/../lib/gcc/avr/4.5.1/../../../../avr/lib/avr51/crtm128.o
__vector_8                                        /usr/local/bin/../lib/gcc/avr/4.5.1/../../../../avr/lib/avr51/crtm128.o
__vector_9                                        /usr/local/bin/../lib/gcc/avr/4.5.1/../../../../avr/lib/avr51/crtm128.o
__vector_default                                  /usr/local/bin/../lib/gcc/avr/4.5.1/../../../../avr/lib/avr51/crtm128.o
__vectors                                         /usr/local/bin/../lib/gcc/avr/4.5.1/../../../../avr/lib/avr51/crtm128.o
_delay_us                                         obj/spi.o
_exit                                             /usr/local/bin/../lib/gcc/avr/4.5.1/avr51/libgcc.a(_exit.o)
ddr_setup                                         obj/main.o
exit                                              /usr/local/bin/../lib/gcc/avr/4.5.1/avr51/libgcc.a(_exit.o)
                                                  /usr/local/bin/../lib/gcc/avr/4.5.1/../../../../avr/lib/avr51/crtm128.o
fill_image_buff                                   obj/main.o
main                                              obj/main.o
                                                  /usr/local/bin/../lib/gcc/avr/4.5.1/../../../../avr/lib/avr51/crtm128.o
pwm_setup                                         obj/main.o
spi_off                                           obj/spi.o
spi_on                                            obj/spi.o
spi_sendarray                                     obj/spi.o
                                                  obj/COG.o
spi_sendbyte                                      obj/spi.o
                                                  obj/COG.o
spi_setup                                         obj/spi.o
                                                  obj/main.o
state                                             obj/main.o
usart_readbyte                                    obj/usart.o
usart_sendarray                                   obj/usart.o
                                                  obj/COG.o
                                                  obj/main.o
usart_sendbyte                                    obj/usart.o
usart_setup                                       obj/usart.o
                                                  obj/main.o
